[WebServer] [PLUGIN_TIMINGS] Plugin hooks ran for 13.0s of this 13.1s build (99%).
[WebServer] The slowest hooks, timed inside each callback (the wait before a callback starts is excluded, the time it awaits is included):
[WebServer]   - vite-plugin-sveltekit-compile writeBundle (59%, 7.8s, 1 call)
[WebServer]   - vite-plugin-svelte:compile transform (20%, 2.7s, 1781 calls)
[WebServer] Additional hook time came from the hooks below and from hooks under 1s.
[WebServer] 2 hooks are listed without a time. Their calls overlapped, so the time inside one call includes work from other calls. To find their cost, profile the build with `node --cpu-prof`:
[WebServer]   - vite-plugin-sveltekit-guard resolveId (12532 calls)
[WebServer]   - @tailwindcss/vite:generate:build transform (54 calls)
[WebServer] See https://rolldown.rs/reference/InputOptions.checks#plugintimings for more details.
[WebServer] 

Running 94 tests using 1 worker

  ✓   1 e2e/a11y-sweep.spec.ts:35:1 › reduced motion removes the dialog animation and leaves the dialog usable (881ms)
  ✓   2 e2e/a11y-sweep.spec.ts:60:1 › the same dialog reveals through the keyframes when motion is allowed (537ms)
  ✓   3 e2e/a11y-sweep.spec.ts:73:1 › primary navigation and the pack flow are operable with the keyboard alone (850ms)
  ✓   4 e2e/editor.spec.ts:496:2 › sticker vertical slice › dashboard → create → upload → edit → save → reload → reopen → export PNG (5.9s)
  ✓   5 e2e/editor.spec.ts:563:2 › sticker vertical slice › a sign-in callback without a link explains itself honestly (215ms)
  ✓   6 e2e/editor.spec.ts:570:2 › sticker vertical slice › an unknown presentation id keeps the editor honest (376ms)
  ✓   7 e2e/editor.spec.ts:586:2 › sticker vertical slice › organizes saved stickers into packs, exports an ordered ZIP and keeps the stickers on delete (3.6s)
  ✓   8 e2e/editor.spec.ts:743:2 › sticker vertical slice › keeps the pack library usable at desktop, tablet and phone widths (1.4s)
  ✓   9 e2e/editor.spec.ts:777:2 › sticker vertical slice › browses the template catalog, clones an editable copy and reopens it locally (2.4s)
  ✓  10 e2e/editor.spec.ts:973:2 › sticker vertical slice › keeps the catalog searchable, previewable and honest at tablet and phone widths (817ms)
  ✓  11 e2e/editor.spec.ts:1008:2 › sticker vertical slice › keeps filters and outlines on the live Konva raster in agreement with export and reload (1.5s)
  ✓  12 e2e/editor.spec.ts:1111:2 › sticker vertical slice › re-points the live raster after replacing a photo and keeps Transformer undo boundaries (3.7s)
  ✓  13 e2e/editor.spec.ts:1310:2 › sticker vertical slice › leaves for the dashboard after a safe flush and reopens the sticker from the recent card (1.2s)
  ✓  14 e2e/editor.spec.ts:1365:2 › sticker vertical slice › protects a failed draft after Back to Home and reopens it from memory (2.8s)
  ✓  15 e2e/editor.spec.ts:1432:2 › sticker vertical slice › names the open dialog, keeps Space with its controls and restores focus (795ms)
  ✓  16 e2e/editor.spec.ts:1490:2 › sticker vertical slice › keeps save and export reachable at desktop, tablet and phone widths (1.0s)
  ✓  17 e2e/editor.spec.ts:1511:2 › sticker vertical slice › carries every sidebar tool intent through the dashboard, the editor and a repeat click (1.1s)
  ✓  18 e2e/editor.spec.ts:1573:2 › sticker vertical slice › keeps destructive editor shortcuts out of an open dialog and hands them back after close (928ms)
  ✓  19 e2e/masks.spec.ts:170:1 › erase paints a mask that the preview shows, IndexedDB keeps, and undo/redo handles (1.4s)
  ✓  20 e2e/masks.spec.ts:215:1 › the mask reaches the exported PNG and Reset Mask removes it there again (4.0s)
  ✓  21 e2e/masks.spec.ts:244:1 › a masked sticker travels through the pack ZIP with the same hole as the PNG export (2.9s)
  ✓  22 e2e/masks.spec.ts:299:1 › Space-pan takes precedence over the brush and never paints (902ms)
  ✓  23 e2e/masks.spec.ts:335:1 › a failed mask encode retains the stroke and Save retries it exactly once (1.0s)
  ✓  24 e2e/masks.spec.ts:387:2 › mobile mask editing › touch erase and restore stay reachable at 390x844 (894ms)
  ✓  25 e2e/p76-student-route-audit.spec.ts:53:1 › P76: student routes are contained and actionable at three widths (2.3s)
  ✓  26 e2e/presentation-editing.spec.ts:22:1 › multiline text remains inside its auto-growing box while typing (1.7s)
  ✓  27 e2e/presentation-editing.spec.ts:39:1 › heading preset styles survive first typing, clearing and reopening (2.8s)
  ✓  28 e2e/presentation-editing.spec.ts:72:1 › keeps blank lines, an unbroken link and mixed sizes inside the box (2.1s)
  ✓  29 e2e/presentation-editing.spec.ts:127:1 › rotates the editing field with its element and refits height after a width change (3.8s)
  ✓  30 e2e/presentation-editing.spec.ts:173:1 › inserts a built-in layout offline without replacing existing content (2.9s)
  ✓  31 e2e/presentation-editing.spec.ts:197:1 › the layout dialog traps focus, restores it and stays reachable at phone width (2.0s)
  ✓  32 e2e/presentation-editing.spec.ts:253:1 › fills a layout image area with a photo and undoes back to the rectangle (2.8s)
  ✓  33 e2e/presentation-element-clipboard.spec.ts:14:1 › copies editable elements across slides and keeps artwork and undo intact (10.3s)
  ✓  34 e2e/presentation-exports.spec.ts:22:1 › a backup describes the captured deck, not edits made while it is preparing (1.1s)
  ✓  35 e2e/presentation-exports.spec.ts:103:1 › the editor writes a real PDF, an editable PPTX and a restorable backup (3.2s)
  ✓  36 e2e/presentation-guards.spec.ts:16:1 › a shell nav link writes the pending edit before it leaves the editor (1.1s)
  ✓  37 e2e/presentation-guards.spec.ts:39:1 › a clean editor follows a shell nav link immediately (886ms)
  ✓  38 e2e/presentation-guards.spec.ts:50:1 › the browser Back button writes the pending edit before it leaves (1.4s)
  ✓  39 e2e/presentation-guards.spec.ts:79:1 › a clean exit navigates back to the library without being blocked (721ms)
  ✓  40 e2e/presentation-image.spec.ts:25:1 › uploads a personal image, paints it, stores its bytes, and reopens it (2.6s)
  ✓  41 e2e/presentation-image.spec.ts:97:1 › refuses an unsupported file and leaves no element behind (584ms)
  ✓  42 e2e/presentation-library-actions.spec.ts:29:1 › renaming stores the new title at the next revision without touching the slides (1.2s)
  ✓  43 e2e/presentation-library-actions.spec.ts:54:1 › duplicating writes an independent stored row and leaves the source alone (1.3s)
  ✓  44 e2e/presentation-library-actions.spec.ts:79:1 › deleting a duplicate cancels safely, removes only that row, and returns focus (2.2s)
  ✓  45 e2e/presentation-library-thumbnails.spec.ts:110:1 › each card paints a real render of its own first slide (3.1s)
  ✓  46 e2e/presentation-library-thumbnails.spec.ts:137:1 › deleting a deck removes its thumbnail and leaves the other card alone (3.0s)
  ✓  47 e2e/presentation-library-thumbnails.spec.ts:152:1 › a thumbnail stays inside the card preview without widening the page (2.6s)
  -  48 e2e/presentation-limits-evidence.spec.ts:144:2 › P45 capacity evidence › P45: the media budget accepts what fits and refuses the image that crosses it
  -  49 e2e/presentation-limits-evidence.spec.ts:290:2 › P45 capacity evidence › P45: a slide at the 200-element ceiling opens and exports both formats
  -  50 e2e/presentation-limits-evidence.spec.ts:397:2 › P45 capacity evidence › P45: a document close to the 8 MiB JSON ceiling opens, saves and exports
  ✓  51 e2e/presentation-milestone-journey.spec.ts:37:3 › milestone journey › create, edit, save, reload and reopen — desktop 1440x900 (2.8s)
  ✓  52 e2e/presentation-milestone-journey.spec.ts:37:3 › milestone journey › create, edit, save, reload and reopen — tablet 1024x768 (2.4s)
  ✓  53 e2e/presentation-offline.spec.ts:135:1 › a prepared session keeps editing, saving and first-use exports after the network drops (5.2s)
  ✓  54 e2e/presentation-offline.spec.ts:212:1 › a disconnect before the warm-up finishes is reported honestly and poisons nothing (19.4s)
  ✓  55 e2e/presentation-offline.spec.ts:287:1 › a builder that cannot be fetched says how to recover and needs a reload (3.2s)
  ✓  56 e2e/presentation-reader-fixture.spec.ts:43:1 › P44: the export dialog writes the reader fixture PPTX and PDF (2.6s)
  ✓  57 e2e/presentation-responsive.spec.ts:18:1 › keeps a long saved title usable at the tablet editor width (921ms)
  ✓  58 e2e/presentation-responsive.spec.ts:48:1 › keeps a compact editor bar while selecting text at laptop and tablet widths (1.8s)
  ✓  59 e2e/presentation-responsive.spec.ts:77:1 › keeps the library and the authoring preview contained on a phone (1.0s)
  ✓  60 e2e/presentation-scale-limits.spec.ts:170:1 › a deck at the slide, element and asset ceilings exports in measured bounds (14.6s)
  ✓  61 e2e/presentation-scale-limits.spec.ts:204:1 › a byte-heavy deck keeps every artwork in its exports (7.6s)
  ✓  62 e2e/presentation-slides.spec.ts:32:1 › adds, duplicates, reorders, and deletes slides through the accessible rail (7.2s)
  ✓  63 e2e/presentation-slides.spec.ts:147:1 › reorders with the keyboard while leaving the slide selected (3.5s)
  ✓  64 e2e/presentation-slides.spec.ts:166:2 › phone slide rail › reorders slides across a horizontal phone rail with a touch drag (2.8s)
  ✓  65 e2e/presentation-slides.spec.ts:203:1 › undoes and redoes through the toolbar and keyboard without stealing text-field undo (4.6s)
  ✓  66 e2e/presentation-starter-templates.spec.ts:8:1 › creates a company-profile deck with editable text and self-contained artwork (4.3s)
  ✓  67 e2e/presentation-starter-templates.spec.ts:76:1 › browses built-in decks, previews slides and creates an editable local copy (3.4s)
  ✓  68 e2e/presentation-text.spec.ts:73:1 › inserts, edits, saves, and reopens a text box without moving it (4.7s)
  ✓  69 e2e/presentation-text.spec.ts:180:1 › formats a text selection and keeps it through save and reopen (2.0s)
  ✓  70 e2e/presentation-text.spec.ts:213:1 › applies paragraph formatting and links, and reports text overflow (6.7s)
  ✓  71 e2e/presentation-text.spec.ts:303:1 › keeps the caret where the user left it while typing (1.6s)
  ✓  72 e2e/presentation-text.spec.ts:337:1 › autosaves a typed edit and keeps it after a reload and reopen (2.1s)
  ✓  73 e2e/presentation-transform.spec.ts:122:1 › moves in document units at two zoom levels and commits one history entry per gesture (3.8s)
  ✓  74 e2e/presentation-transform.spec.ts:199:1 › shows full slide centrelines while snapping a dragged box and clears them on release (2.1s)
  ✓  75 e2e/presentation-transform.spec.ts:225:1 › resizes from the south-east handle keeping the origin, and the frame keeps agreeing (1.9s)
  ✓  76 e2e/presentation-transform.spec.ts:267:1 › resizing a text box changes its frame without stretching the painted letters (3.1s)
  ✓  77 e2e/presentation-transform.spec.ts:341:1 › clicking a selected text box then pressing Delete removes it, but editing text does not (1.9s)
  ✓  78 e2e/presentation-transform.spec.ts:373:1 › canvas shortcuts duplicate the selected element and Escape clears selection (2.8s)
  ✓  79 e2e/presentation-transform.spec.ts:405:1 › keeps the visual centre through the numeric rotation field and a rotate-handle turn (3.2s)
  ✓  80 e2e/presentation-transform.spec.ts:447:1 › gives every handle a 44px pointer target without moving its visible centre (2.0s)
  ✓  81 e2e/presentation-transform.spec.ts:512:2 › coarse pointer at a desktop width › keeps the handle expansion for a coarse pointer (1.7s)
  ✓  82 e2e/presentation-transform.spec.ts:525:1 › selects every visible element kind and leaves a locked element alone (1.9s)
  ✓  83 e2e/presentation-view-state.spec.ts:25:1 › paints the slide and keeps zoom, pan and slide changes view-only (3.2s)
  ✓  84 e2e/presentation-view-state.spec.ts:89:1 › wheel zoom responds gradually to small scrolls and still handles a full wheel notch (664ms)
  ✓  85 e2e/presentation-view-state.spec.ts:110:1 › the fit control returns the view to 100% without touching the document (1.6s)
  ✓  86 e2e/presentations.spec.ts:24:1 › the presentation library creates a local deck and shows it after returning (889ms)
  ✓  87 e2e/presentations.spec.ts:52:1 › moves a shape in document units and undoes the move (1.8s)
  ✓  88 e2e/presentations.spec.ts:100:1 › resizes from a corner handle and keeps document units across zoom levels (1.2s)
  ✓  89 e2e/presentations.spec.ts:140:1 › autosaves typed text and keeps it across a reload (2.0s)
  ✓  90 e2e/presentations.spec.ts:165:1 › adds a photo, stores its bytes, and paints it on the slide (1.1s)
  ✓  91 e2e/presentations.spec.ts:191:1 › leaving mid-edit writes the pending text before it navigates (1.0s)
  ✓  92 e2e/presentations.spec.ts:212:1 › a newer stored revision becomes a conflict that keeps the local copy (2.4s)
  ✓  93 e2e/student-start.spec.ts:4:1 › a student can choose an assignment, edit a starter and return to their work (3.3s)
  ✓  94 e2e/student-start.spec.ts:49:1 › the student desk works on a phone and personal stickers can start without an upload (884ms)

  3 skipped
  91 passed (4.4m)
